ARM Linker, 5.06 update 6 (build 750)

Component: ARM Compiler 5.06 update 6 (build 750) Tool: armlink [4d35fe]

Memory Map of the image

  Load Region LR_IROM1 (Base: 0x08000000, Size: 0x00004c9c, Max: 0x00040000, ABSOLUTE)

    Execution Region ER_IROM1 (Base: 0x08000000, Size: 0x00004ba0, Max: 0x00040000, ABSOLUTE)

    Exec Addr    Load Addr    Size         Type   Attr      Idx    E Section Name        Object

    0x08000000   0x08000000   0x00000130   Data   RO            3    RESET               startup_stm32f407xx.o
    0x08000130   0x08000130   0x00000000   Code   RO            4    .text               startup_stm32f407xx.o
    0x08000130   0x08000130   0x000000e0   Code   RO            5    .text               main.o
    0x08000210   0x08000210   0x00000020   Data   RO            6    .rodata             main.o
    0x08000230   0x08000230   0x00004970   Code   RO            7    .text               stm32f4xx_hal.o

    Execution Region RW_IRAM1 (Base: 0x20000000, Size: 0x00000800, Max: 0x00020000, ABSOLUTE)

    Exec Addr    Load Addr    Size         Type   Attr      Idx    E Section Name        Object

    0x20000000   0x08004b9c   0x00000100   Data   RW            8    .data               main.o
    0x20000100   0x20000100   0x00000400   Zero   RW            9    .bss                main.o
    0x20000500   0x20000500   0x00000200   Zero   RW           10    .bss                stm32f4xx_hal.o

Global Symbols

Symbol Name                              Value     Ov Type        Size  Object(Section)
Reset_Handler                            0x08000001   Thumb Code   8  startup_stm32f407xx.o(RESET)
NMI_Handler                              0x08000039   Thumb Code   0  startup_stm32f407xx.o(RESET)
HardFault_Handler                        0x08000041   Thumb Code   0  startup_stm32f407xx.o(RESET)
SystemInit                               0x08000131   Thumb Code   36  system_stm32f4xx.o(.text)
main                                     0x08000155   Thumb Code   224  main.o(.text)
HAL_Init                                 0x08000231   Thumb Code   64  stm32f4xx_hal.o(.text)
HAL_GPIO_Init                            0x08000271   Thumb Code   420  stm32f4xx_hal.o(.text)

Image component sizes

        Code (inc. data)   RO Data    RW Data    ZI Data      Debug   Object Name
        188        0          0          0          0          0   startup_stm32f407xx.o
         36        0          0          0          0        200   system_stm32f4xx.o
        224        0         32        256       1024        512   main.o
      18800        0       2048        512        512       1024   stm32f4xx_hal.o

      ----------------------------------------------------------------------

      19248        0       2080        768       1536       1736   Object Totals
          0        0          0          0          0          0   (incl. Padding)
      19248        0       2080        768       1536       1736   Grand Totals
